[     664ms] [INFO] 2026-07-14 22:37:11 Device API logging initialized - DEVICE @ https://hrplattformprod-rocketapply-prod-scos-rocketapply.cfapps.eu20.hana.ondemand.com/app/resources/sap-ui-core.js:1124
[     689ms] [INFO] 
IFRAME-RESIZER

Iframe-Resizer 5 is now available via the following two packages:

 * @iframe-resizer/parent
 * @iframe-resizer/child

Additionally their are also new versions of iframe-resizer for React, Vue, and jQuery.

Version 5 of iframe-resizer has been extensively rewritten to use modern browser APIs, which has enabled significantly better performance and greater accuracy in the detection of content resizing events.

Please see https://iframe-resizer.com/upgrade for more details.
 @ https://schwarz-digits.de/assets-digits/index-D_4G03M8.js:2
[     691ms] [INFO] 
IFRAME-RESIZER

Iframe-Resizer 5 is now available via the following two packages:

 * @iframe-resizer/parent
 * @iframe-resizer/child

Additionally their are also new versions of iframe-resizer for React, Vue, and jQuery.

Version 5 of iframe-resizer has been extensively rewritten to use modern browser APIs, which has enabled significantly better performance and greater accuracy in the detection of content resizing events.

Please see https://iframe-resizer.com/upgrade for more details.
 @ https://schwarz-digits.de/assets-digits/index-D_4G03M8.js:42
[     757ms] [LOG] scmp-sdk: server styles successfully applied with ID #scmp-sdk-custom-css. @ https://sdk.cmp.schwarz/scmp-sdk.js:75
[     920ms] [ERROR] Hydration completed but contains mismatches. @ https://schwarz-digits.de/assets-digits/index-D_4G03M8.js:0
[     928ms] [ERROR] Failed to load resource: the server responded with a status of 404 () @ https://hrplattformprod-rocketapply-prod-scos-rocketapply.cfapps.eu20.hana.ondemand.com/app/i18n/i18n_en_GB.properties:0
[     961ms] [ERROR] Failed to load resource: the server responded with a status of 404 () @ https://hrplattformprod-rocketapply-prod-scos-rocketapply.cfapps.eu20.hana.ondemand.com/app/i18n/i18n_en_GB.properties:0
[    1201ms] [ERROR] Failed to load resource: the server responded with a status of 404 () @ https://hrplattformprod-rocketapply-prod-scos-rocketapply.cfapps.eu20.hana.ondemand.com/app/i18n/i18n_en_GB.properties:0
